     1                                  ;   Multiplications, divisions
     2                                  ; 4.(a-c)*3+b*b
     3                                  
     4                                  bits 32 
     5                                  
     6                                  
     7                                  global start        
     8                                  
     9                                  extern exit               
    10                                  import exit msvcrt.dll    
    11                                  
    12                                  segment data use32 class=data
    13 00000000 04                          a db 4
    14 00000001 05                          b db 5
    15 00000002 02                          c db 2
    16                                  segment code use32 class=code
    17                                      start:
    18 00000000 A0[00000000]                  mov al, [a]
    19 00000005 2A05[02000000]                sub al, [c]
    20 0000000B B303                          mov bl, 3
    21 0000000D F6E3                          mul bl
    22 0000000F 6689C1                        mov cx, ax
    23 00000012 A0[01000000]                  mov al, [b]
    24 00000017 F6E0                          mul al
    25 00000019 6601C1                        add cx, ax
    26 0000001C 6A00                          push    dword 0      
    27 0000001E FF15[00000000]                  call    [exit]
